=== Environment (auto-collected for debugging) ===
timestamp: 2026-07-22T07:18:01
platform: macOS-26.3.1-arm64-arm-64bit
machine: arm64
python: 3.12.13 (/Users/timlichtenberg/miniforge3/envs/proteus-dev-3/bin/python3.12)
julia (on PATH): 1.12.6
julia (juliacall-bound): 1.12.6
socrates: 2603.8
agni: (unknown)
environment variables:
  FWL_DATA=/Users/timlichtenberg/work/fwl_data-dev-3
  RAD_DIR=/Users/timlichtenberg/git/PROTEUS-dev-3/socrates
  FC_DIR=/Users/timlichtenberg/git/PROTEUS-dev-3/AGNI/fastchem
  PETSC_DIR=(unset)
  PYTHON_JULIAPKG_EXE=/Users/timlichtenberg/.julia-dev-3/toolchains/julia-1.12.6+0.aarch64.apple.darwin14/Julia-1.12.app/Contents/Resources/julia/bin/julia
  PYTHON_JULIACALL_BINDIR=(unset)
  CONDA_DEFAULT_ENV=proteus-dev-3
  CONDA_PREFIX=/Users/timlichtenberg/miniforge3/envs/proteus-dev-3
installed package versions:
  fwl-proteus: 25.10.15.post1.dev236+gc6c379555.d20260610
  fwl-mors: 26.1.2.post1.dev148+gd063755a7.d20260711
  fwl-janus: 24.11.5
  fwl-calliope: 26.6.1.post1.dev8+g1e3ad73dd
  fwl-zephyrus: 26.5.22
  fwl-aragog: 26.7.4
  fwl-zalmoxis: 26.7.13
  fwl-vulcan: 26.5.12
  juliacall: 0.9.35
  juliapkg: 0.1.24
  jax: 0.9.2
  jaxlib: 0.9.2
  equinox: 0.13.2
  netcdf4: 1.7.4
  h5py: (not installed)
proteus checkout: /Users/timlichtenberg/git/PROTEUS-dev-3 -> 9881061d (dirty)

=== proteus update output ===
1 issue(s) to fix:

  [FAIL] fwl-zalmoxis: 26.7.13 (requires >=26.07.17) [editable @ Zalmoxis -> fed8976]
       cd /Users/timlichtenberg/git/PROTEUS-dev-3/Zalmoxis && git pull && pip install -e .

Fixing: fwl-zalmoxis
  $ cd /Users/timlichtenberg/git/PROTEUS-dev-3/Zalmoxis && git pull && pip install -e .
You are not currently on a branch.
Please specify which branch you want to merge with.
See git-pull(1) for details.

    git pull <remote> <branch>

  command failed (exit 1)
  Run the command manually to investigate.

Re-checking...

Environment
  [ok] FWL_DATA: /Users/timlichtenberg/work/fwl_data-dev-3
  [ok] RAD_DIR: /Users/timlichtenberg/git/PROTEUS-dev-3/socrates
  [ok] FC_DIR: /Users/timlichtenberg/git/PROTEUS-dev-3/AGNI/fastchem
  [ok] PYTHON_JULIAPKG_EXE: /Users/timlichtenberg/.julia-dev-3/toolchains/julia-1.12.6+0.aarch64.apple.darwin14/Julia-1.12.app/Contents/Resources/julia/bin/julia
  [ok] julia: 1.12.6

Reference data
  [ok] FWL_DATA/spectral_files: present
  [ok] FWL_DATA/stellar_spectra: present

Package versions
  [ok] fwl-proteus: 25.10.15.post1.dev236+gc6c379555.d20260610 [editable @ PROTEUS-dev-3 -> 9881061d (dirty)]
  [ok] fwl-aragog: 26.7.4 [editable @ aragog -> 24a4a4e]
  [ok] fwl-calliope: 26.6.1.post1.dev8+g1e3ad73dd [editable @ CALLIOPE -> 5895b78]
  [ok] fwl-janus: 24.11.5 [editable @ JANUS -> 30e50ea]
  [ok] fwl-mors: 26.1.2.post1.dev148+gd063755a7.d20260711 [editable @ MORS -> 438bdbd]
  [ok] fwl-zephyrus: 26.5.22 [editable @ ZEPHYRUS -> 5f172f7]
  [FAIL] fwl-zalmoxis: 26.7.13 (requires >=26.07.17) [editable @ Zalmoxis -> fed8976]
       fix: cd /Users/timlichtenberg/git/PROTEUS-dev-3/Zalmoxis && git pull && pip install -e .
  [ok] AGNI: 1.12.0 (59ce1d4c)
  [ok] SOCRATES: 2603.8 (f42ddec0)

1 failed

Run proteus update to fix 1 issue(s) automatically.
